// Jest Snapshot v1, https://goo.gl/fbAQLP

exports[`convert should create a LinRead object 1`] = `
 {
  "ids": Object {
    "1": 10,
  },
}
`;

exports[`convert should create a TxnContext object 1`] = `
 {
  "aborted": false,
  "commit_ts": Long {
    "high": 0,
    "low": 0,
    "unsigned": true,
  },
  "keys": Array [
    1,
    2,
    3,
  ],
  "lin_read":  {
    "ids": Object {
      "1": 10,
    },
  },
  "start_ts": 10,
}
`;
