// Jest Snapshot v1, https://goo.gl/fbAQLP

exports[`protos match snapshot 1`] = `
Object {
  "Assigned": [Function],
  "AssignedIds": [Function],
  "Check": [Function],
  "Dgraph": [Function],
  "Facet": [Function],
  "Latency": [Function],
  "LinRead": [Function],
  "Mutation": [Function],
  "NQuad": [Function],
  "Operation": [Function],
  "Payload": [Function],
  "Request": [Function],
  "Response": [Function],
  "SchemaNode": [Function],
  "TxnContext": [Function],
  "Value": [Function],
  "Version": [Function],
}
`;
