// Jest Snapshot v1, https://goo.gl/fbAQLP

exports[`protos match snapshot 1`] = `
Object {
  "Assigned": [Function],
  "AssignedIds": [Function],
  "Check": [Function],
  "ConnectionState": [Function],
  "Dgraph": [Function],
  "DirectedEdge": [Function],
  "ExportPayload": [Function],
  "Facet": [Function],
  "Facets": [Function],
  "FacetsList": [Function],
  "FilterTree": [Function],
  "Function": [Function],
  "Group": [Function],
  "GroupKeys": [Function],
  "KC": [Function],
  "KV": [Function],
  "KeyValues": [Function],
  "Latency": [Function],
  "LinRead": [Function],
  "List": [Function],
  "MapEntry": [Function],
  "Member": [Function],
  "MembershipState": [Function],
  "MovePredicatePayload": [Function],
  "Mutation": [Function],
  "Mutations": [Function],
  "NQuad": [Function],
  "Num": [Function],
  "Operation": [Function],
  "OracleDelta": [Function],
  "Order": [Function],
  "Param": [Function],
  "Payload": [Function],
  "Posting": [Function],
  "PostingList": [Function],
  "Proposal": [Function],
  "Query": [Function],
  "Raft": [Function],
  "RaftContext": [Function],
  "Request": [Function],
  "Response": [Function],
  "Result": [Function],
  "SchemaNode": [Function],
  "SchemaRequest": [Function],
  "SchemaResult": [Function],
  "SchemaUpdate": [Function],
  "SortMessage": [Function],
  "SortResult": [Function],
  "SrcFunction": [Function],
  "Tablet": [Function],
  "TaskValue": [Function],
  "TxnContext": [Function],
  "TxnTimestamps": [Function],
  "Value": [Function],
  "ValueList": [Function],
  "Version": [Function],
  "Worker": [Function],
  "Zero": [Function],
  "ZeroProposal": [Function],
}
`;
